// Jest Snapshot v1, https://goo.gl/fbAQLP

exports[`Testing Components Render Header 1`] = `
<header>
  <nav>
    <div
      className="title-container"
    >
      <img
        alt="logo"
        className="logo"
        src="planet.png"
      />
      <h1
        className="header-title"
      >
        Space Travelers' Hub
      </h1>
    </div>
    <ul
      className="list-container"
    >
      <li>
        <a
          aria-current="page"
          className="rockets-nav active"
          href="/"
          onClick={[Function]}
          style={
            Object {
              "textDecoration": "underline",
            }
          }
        >
          Rockets
        </a>
      </li>
      <li>
        <a
          className=""
          href="/missions"
          onClick={[Function]}
        >
          Missions
        </a>
      </li>
      <li>
        <a
          className="my-profile-nav"
          href="/myprofile"
          onClick={[Function]}
        >
          My Profile
        </a>
      </li>
    </ul>
  </nav>
  <hr />
</header>
`;

exports[`Testing Components Render Missions section 1`] = `
<table
  className="missions-container"
>
  <thead>
    <tr>
      <th
        style={
          Object {
            "width": "10%",
          }
        }
      >
        Mission
      </th>
      <th
        style={
          Object {
            "width": "60%",
          }
        }
      >
        Description
      </th>
      <th
        style={
          Object {
            "width": "15%",
          }
        }
      >
        Status
      </th>
      <th>
        Join
      </th>
    </tr>
  </thead>
  <tbody />
</table>
`;

exports[`Testing Components Render Profile section 1`] = `
<div
  className="profile-container"
>
  <div
    className="rockets-profile-container"
  >
    <h2
      className="rockets-profile-title"
    >
      My Missions
    </h2>
    <div
      className="rockets-ul"
    />
  </div>
  <div
    className="rockets-profile-container"
  >
    <h2
      className="rockets-profile-title"
    >
      My Rockets
    </h2>
    <ul
      className="rockets-ul"
    />
  </div>
</div>
`;

exports[`Testing Components Render Rockets section 1`] = `
<div>
  <div />
</div>
`;
